--------- beginning of main
08-16 04:38:46.936  8569  8854 I EVF_PULSE: {"fps":0,"frameId":0,"rendered":0,"overwritten":0,"decodedQueue":0,"pending":false,"fallback":false}
08-16 04:38:47.931  8569  8854 I EVF_PULSE: {"fps":0,"frameId":0,"rendered":0,"overwritten":0,"decodedQueue":0,"pending":false,"fallback":false}
08-16 04:38:48.935  8569  8854 I EVF_PULSE: {"fps":0,"frameId":0,"rendered":0,"overwritten":0,"decodedQueue":0,"pending":false,"fallback":false}
08-16 04:38:49.932  8569  8854 I EVF_PULSE: {"fps":0,"frameId":0,"rendered":0,"overwritten":0,"decodedQueue":0,"pending":false,"fallback":false}
08-16 04:38:50.932  8569  8854 I EVF_PULSE: {"fps":6,"frameId":39917,"rendered":6,"overwritten":1,"decodedQueue":0,"pending":false,"fallback":false}
08-16 04:38:51.934  8569  8854 I EVF_PULSE: {"fps":23,"frameId":39940,"rendered":29,"overwritten":1,"decodedQueue":1,"pending":false,"fallback":false}
08-16 04:38:52.933  8569  8854 I EVF_PULSE: {"fps":26,"frameId":39965,"rendered":55,"overwritten":1,"decodedQueue":0,"pending":false,"fallback":false}
08-16 04:38:53.934  8569  8854 I EVF_PULSE: {"fps":29,"frameId":39995,"rendered":84,"overwritten":1,"decodedQueue":1,"pending":false,"fallback":false}
08-16 04:38:54.054  8569  8854 I EVF_BENCH: 1/5 {"version":1,"sampleFrames":60,"warmupFrames":30,"outputFps":28.641,"frameIdGaps":0,"overwrittenFrames":1,"repeatedFrames":0,"fallbackMode":false,"sourceWidth":640,"sourceHeight":424,"outputWidth":640,"outputHeight":424,"summary":{"captureMs":{"mean":30.867,"p50":25,"p95":66,"max":73},"transportAfterCaptureMs":{"mean":-295.167,"p50":-301,"p95":-264,"max":-222},"queueMs":{"mean":0.255,"p50":0,"p95":0.3,"max":6.6},"decodeMs":{"mean":9.085,"p50":8.2,"p95":14.7,"max":19.3},"rafWaitMs":{"mean":9.732,"p50":10.4,"p95":18.2,"max":32.1},"renderSubmitMs":{"mean":1.622,"p50":1.5,"p95":2.7,"max":4.7},"clientMs":{"mean":20.702,"p50":20.7,"p95":30.7,"max":52.5},"endToEndMs":{"mean":-243.133,"p50":-253,"p95":-187,"max":-168}},"frames":[{"frame":1,"frameId":39941,"bytes":33324,"captureMs":32,"transportAfterCaptureMs":-267,"queueMs":0,"decodeMs":12,"rafWaitMs":0.1,"renderSubmitMs":1.7,"clientMs":13.8,"endToEndMs":-221,"displayPerf":6074.1},{"frame":2,"frameId":39942,"bytes":32955,"captureMs":54,"transportAfterCaptureMs":-299,"queueMs":0,"decodeMs":9.5,"rafWaitMs":0.1,"renderSubmitMs":1.2,"clientMs":10.8,"endToEndMs":-235,"displayPerf":6097.6},{"frame":3,"frameId":39943,"bytes":33239,"captureMs":19,"transportAfterCaptureMs":-298,"queueMs":0,"decodeMs":14.3,"rafWaitMs":0.9,"renderSubmitMs":1.1,"clientMs":16.3,"endToEndMs":-262,"displayPerf":6135.3},{"frame":4,"frameId":39944,"bytes":33463,"captureMs":16,"transportAfterCaptureMs":-307,"queueMs":0.2,"decodeMs":8.7,"rafWaitMs":4.8,"renderSubmitMs":0.8,"clientMs":14.6,"endToEndMs":-276,"displayPerf":6147.7},{"frame":5,"frameId":39945,"bytes":33463,"captureMs":14,"transportAfterCaptureMs":-292,"queueMs":0,"decodeMs":6.8,"rafWaitMs":10.3,"renderSubmitMs":2.6,"clientMs":19.7,"endToEndMs":-259,"displayPerf":6182.7},{"frame":6,"frameId":39946,"bytes":33463,"captureMs":31,"transportAfterCaptureMs":-264,"queueMs":0,"decodeMs":13.1,"rafWaitMs":10.4,"renderSubmitMs":2.2,"clientMs":25.7,"endToEndMs":-207,"displayPerf":6249.3},{"frame":7,"frameId":39947,"bytes":33449,"captureMs":65,"transportAfterCaptureMs":-294,"queueMs":0,"decodeMs":8.6,"rafWaitMs":1.7,"renderSubmitMs":1.4,"clientMs":11.7,"endToEndMs":-215,"displayPerf":6281.6},{"frame":8,"frameId":39948,"bytes":33204,"captureMs":24,"transportAfterCaptureMs":-273,"queueMs":0,"decodeMs":11,"rafWaitMs":3.9,"renderSubmitMs":1.6,"clientMs":16.6,"endToEndMs":-233,"displayPerf":6332.6},{"frame":9,"frameId":39949,"bytes":32970,"captureMs":66,"transportAfterCaptureMs":-305,"queueMs":0.1,"decodeMs":7.5,"rafWaitMs":6.3,"renderSubmitMs":1.5,"clientMs":15.4,"endToEndMs":-223,"displayPerf":6382},{"frame":10,"frameId":39950,"bytes":33474,"captureMs":18,"transportAfterCaptureMs":-292,"queueMs":0,"decodeMs":7.7,"rafWaitMs":5.9,"renderSubmitMs":1.4,"clientMs":15,"endToEndMs":-259,"displayPerf":6414.8},{"frame":11,"frameId":39951,"bytes":33590,"captureMs":31,"transportAfterCaptureMs":-267,"queueMs":0,"decodeMs":8.2,"rafWaitMs":14.6,"renderSubmitMs":2.6,"clientMs":25.4,"endToEndMs":-210,"displayP
08-16 04:38:54.054  8569  8854 I EVF_BENCH: 2/5 erf":6483.8},{"frame":12,"frameId":39952,"bytes":33590,"captureMs":67,"transportAfterCaptureMs":-294,"queueMs":0,"decodeMs":11.4,"rafWaitMs":1.8,"renderSubmitMs":4.7,"clientMs":17.9,"endToEndMs":-209,"displayPerf":6518.3},{"frame":13,"frameId":39953,"bytes":33175,"captureMs":23,"transportAfterCaptureMs":-314,"queueMs":6.5,"decodeMs":12.7,"rafWaitMs":6,"renderSubmitMs":1.4,"clientMs":26.6,"endToEndMs":-264,"displayPerf":6531.9},{"frame":14,"frameId":39954,"bytes":33175,"captureMs":24,"transportAfterCaptureMs":-316,"queueMs":0,"decodeMs":8.6,"rafWaitMs":10.2,"renderSubmitMs":1.2,"clientMs":20,"endToEndMs":-272,"displayPerf":6548.5},{"frame":15,"frameId":39955,"bytes":33710,"captureMs":13,"transportAfterCaptureMs":-286,"queueMs":0,"decodeMs":7,"rafWaitMs":0.6,"renderSubmitMs":1.6,"clientMs":9.2,"endToEndMs":-264,"displayPerf":6581.7},{"frame":16,"frameId":39956,"bytes":33710,"captureMs":21,"transportAfterCaptureMs":-295,"queueMs":0,"decodeMs":7.7,"rafWaitMs":17.3,"renderSubmitMs":2.7,"clientMs":27.7,"endToEndMs":-246,"displayPerf":6617.3},{"frame":17,"frameId":39957,"bytes":33349,"captureMs":24,"transportAfterCaptureMs":-290,"queueMs":0.1,"decodeMs":7.5,"rafWaitMs":15.6,"renderSubmitMs":1.6,"clientMs":24.9,"endToEndMs":-241,"displayPerf":6648.8},{"frame":18,"frameId":39958,"bytes":33349,"captureMs":47,"transportAfterCaptureMs":-283,"queueMs":0,"decodeMs":7.8,"rafWaitMs":10.8,"renderSubmitMs":2.1,"clientMs":20.7,"endToEndMs":-216,"displayPerf":6699.6},{"frame":19,"frameId":39959,"bytes":32985,"captureMs":13,"transportAfterCaptureMs":-270,"queueMs":0,"decodeMs":6.7,"rafWaitMs":16.8,"renderSubmitMs":1.3,"clientMs":24.8,"endToEndMs":-232,"displayPerf":6732.5},{"frame":20,"frameId":39960,"bytes":32854,"captureMs":22,"transportAfterCaptureMs":-233,"queueMs":0,"decodeMs":14.8,"rafWaitMs":12.7,"renderSubmitMs":1.6,"clientMs":29.1,"endToEndMs":-182,"displayPerf":6799.1},{"frame":21,"frameId":39961,"bytes":33361,"captureMs":73,"transportAfterCaptureMs":-297,"queueMs":0.3,"decodeMs":6.9,"rafWaitMs":23.9,"renderSubmitMs":1.9,"clientMs":33,"endToEndMs":-191,"displayPerf":6817.5},{"frame":22,"frameId":39962,"bytes":33739,"captureMs":23,"transportAfterCaptureMs":-293,"queueMs":0,"decodeMs":14.9,"rafWaitMs":1.5,"renderSubmitMs":1.5,"clientMs":17.9,"endToEndMs":-252,"displayPerf":6832.3},{"frame":23,"frameId":39963,"bytes":33320,"captureMs":19,"transportAfterCaptureMs":-222,"queueMs":0.1,"decodeMs":11.6,"rafWaitMs":2.2,"renderSubmitMs":1.8,"clientMs":15.7,"endToEndMs":-187,"displayPerf":6933.2},{"frame":24,"frameId":39964,"bytes":32787,"captureMs":35,"transportAfterCaptureMs":-290,"queueMs":6.6,"decodeMs":10,"rafWaitMs":8.4,"renderSubmitMs":2.3,"clientMs":27.3,"endToEndMs":-226,"displayPerf":6949.9},{"frame":25,"frameId":39965,"bytes":32672,"captureMs":66,"transportAfterCaptureMs":-292,"queueMs":0,"decodeMs":7.4,"rafWaitMs":3,"renderSubmitMs":3.2,"clientMs":13.7,"endToEndMs":-213,"displayPerf":7000.8},{"frame":26,"frameId":39966,"bytes":33764,"captureMs":26,"transpo
08-16 04:38:54.054  8569  8854 I EVF_BENCH: 3/5 rtAfterCaptureMs":-264,"queueMs":0,"decodeMs":6.5,"rafWaitMs":16.4,"renderSubmitMs":1.8,"clientMs":24.7,"endToEndMs":-214,"displayPerf":7066.7},{"frame":27,"frameId":39967,"bytes":33833,"captureMs":49,"transportAfterCaptureMs":-288,"queueMs":0,"decodeMs":19.3,"rafWaitMs":32.1,"renderSubmitMs":1.1,"clientMs":52.5,"endToEndMs":-186,"displayPerf":7133.5},{"frame":28,"frameId":39968,"bytes":32806,"captureMs":39,"transportAfterCaptureMs":-314,"queueMs":0.5,"decodeMs":10.8,"rafWaitMs":26.7,"renderSubmitMs":1.2,"clientMs":39.2,"endToEndMs":-235,"displayPerf":7139},{"frame":29,"frameId":39969,"bytes":33341,"captureMs":18,"transportAfterCaptureMs":-301,"queueMs":0.1,"decodeMs":10.3,"rafWaitMs":6.1,"renderSubmitMs":1,"clientMs":17.5,"endToEndMs":-265,"displayPerf":7149.2},{"frame":30,"frameId":39970,"bytes":33384,"captureMs":28,"transportAfterCaptureMs":-316,"queueMs":0,"decodeMs":6,"rafWaitMs":13.5,"renderSubmitMs":1.7,"clientMs":21.2,"endToEndMs":-267,"displayPerf":7166.4},{"frame":31,"frameId":39971,"bytes":33384,"captureMs":32,"transportAfterCaptureMs":-317,"queueMs":0,"decodeMs":8.5,"rafWaitMs":11.7,"renderSubmitMs":0.9,"clientMs":21.1,"endToEndMs":-264,"displayPerf":7198.4},{"frame":32,"frameId":39972,"bytes":32913,"captureMs":30,"transportAfterCaptureMs":-307,"queueMs":0,"decodeMs":8.9,"rafWaitMs":3.2,"renderSubmitMs":1.1,"clientMs":13.2,"endToEndMs":-263,"displayPerf":7231.9},{"frame":33,"frameId":39973,"bytes":33593,"captureMs":31,"transportAfterCaptureMs":-315,"queueMs":0,"decodeMs":9.5,"rafWaitMs":13.1,"renderSubmitMs":0.9,"clientMs":23.5,"endToEndMs":-261,"displayPerf":7265.7},{"frame":34,"frameId":39974,"bytes":33593,"captureMs":15,"transportAfterCaptureMs":-317,"queueMs":0.1,"decodeMs":6,"rafWaitMs":17.5,"renderSubmitMs":1.1,"clientMs":24.7,"endToEndMs":-277,"displayPerf":7282.2},{"frame":35,"frameId":39975,"bytes":33945,"captureMs":14,"transportAfterCaptureMs":-298,"queueMs":0,"decodeMs":8.5,"rafWaitMs":13.2,"renderSubmitMs":1,"clientMs":22.7,"endToEndMs":-261,"displayPerf":7315.2},{"frame":36,"frameId":39976,"bytes":33945,"captureMs":59,"transportAfterCaptureMs":-311,"queueMs":0.1,"decodeMs":6.9,"rafWaitMs":0.1,"renderSubmitMs":1.6,"clientMs":8.7,"endToEndMs":-244,"displayPerf":7349.7},{"frame":37,"frameId":39977,"bytes":32212,"captureMs":13,"transportAfterCaptureMs":-292,"queueMs":0,"decodeMs":8.6,"rafWaitMs":10.6,"renderSubmitMs":1.9,"clientMs":21.1,"endToEndMs":-258,"displayPerf":7399.6},{"frame":38,"frameId":39978,"bytes":32212,"captureMs":14,"transportAfterCaptureMs":-274,"queueMs":0,"decodeMs":9.5,"rafWaitMs":10.6,"renderSubmitMs":1.4,"clientMs":21.5,"endToEndMs":-238,"displayPerf":7432.8},{"frame":39,"frameId":39979,"bytes":32212,"captureMs":20,"transportAfterCaptureMs":-281,"queueMs":0,"decodeMs":9.3,"rafWaitMs":12.9,"renderSubmitMs":1.5,"clientMs":23.8,"endToEndMs":-237,"displayPerf":7449.9},{"frame":40,"frameId":39980,"bytes":33633,"captureMs":23,"transportAfterCaptureMs":-260,"queueMs":0,"decodeMs":7,"rafWaitMs":0.7,"renderSubmit
08-16 04:38:54.055  8569  8854 I EVF_BENCH: 4/5 Ms":2.8,"clientMs":10.5,"endToEndMs":-224,"displayPerf":7484.6},{"frame":41,"frameId":39981,"bytes":33633,"captureMs":69,"transportAfterCaptureMs":-307,"queueMs":0,"decodeMs":7.7,"rafWaitMs":10.5,"renderSubmitMs":1.4,"clientMs":19.6,"endToEndMs":-219,"displayPerf":7516.6},{"frame":42,"frameId":39982,"bytes":32933,"captureMs":18,"transportAfterCaptureMs":-314,"queueMs":0,"decodeMs":8,"rafWaitMs":13.5,"renderSubmitMs":2.5,"clientMs":24,"endToEndMs":-272,"displayPerf":7533.5},{"frame":43,"frameId":39983,"bytes":32933,"captureMs":28,"transportAfterCaptureMs":-310,"queueMs":0,"decodeMs":6.3,"rafWaitMs":15.7,"renderSubmitMs":1.7,"clientMs":23.7,"endToEndMs":-258,"displayPerf":7566.5},{"frame":44,"frameId":39984,"bytes":33496,"captureMs":21,"transportAfterCaptureMs":-302,"queueMs":0.1,"decodeMs":6.7,"rafWaitMs":3.2,"renderSubmitMs":1.6,"clientMs":11.6,"endToEndMs":-270,"displayPerf":7583.5},{"frame":45,"frameId":39985,"bytes":33496,"captureMs":36,"transportAfterCaptureMs":-308,"queueMs":0,"decodeMs":6.7,"rafWaitMs":3.2,"renderSubmitMs":1.5,"clientMs":11.4,"endToEndMs":-259,"displayPerf":7616.3},{"frame":46,"frameId":39986,"bytes":33143,"captureMs":25,"transportAfterCaptureMs":-314,"queueMs":0,"decodeMs":6.1,"rafWaitMs":11.6,"renderSubmitMs":1.6,"clientMs":19.3,"endToEndMs":-270,"displayPerf":7649.6},{"frame":47,"frameId":39987,"bytes":33143,"captureMs":30,"transportAfterCaptureMs":-301,"queueMs":0.1,"decodeMs":6,"rafWaitMs":16,"renderSubmitMs":1.7,"clientMs":23.8,"endToEndMs":-246,"displayPerf":7700.3},{"frame":48,"frameId":39988,"bytes":33359,"captureMs":36,"transportAfterCaptureMs":-291,"queueMs":0,"decodeMs":7.2,"rafWaitMs":0.6,"renderSubmitMs":1.1,"clientMs":8.9,"endToEndMs":-246,"displayPerf":7733.1},{"frame":49,"frameId":39989,"bytes":32973,"captureMs":65,"transportAfterCaptureMs":-274,"queueMs":0,"decodeMs":8,"rafWaitMs":14.5,"renderSubmitMs":1.6,"clientMs":24.1,"endToEndMs":-168,"displayPerf":7850.5},{"frame":50,"frameId":39990,"bytes":33458,"captureMs":37,"transportAfterCaptureMs":-304,"queueMs":0,"decodeMs":7.7,"rafWaitMs":2.3,"renderSubmitMs":1.9,"clientMs":11.9,"endToEndMs":-255,"displayPerf":7866.7},{"frame":51,"frameId":39991,"bytes":33333,"captureMs":27,"transportAfterCaptureMs":-306,"queueMs":0,"decodeMs":12,"rafWaitMs":11.5,"renderSubmitMs":2.2,"clientMs":25.7,"endToEndMs":-253,"displayPerf":7906.9},{"frame":52,"frameId":39992,"bytes":33333,"captureMs":24,"transportAfterCaptureMs":-310,"queueMs":0,"decodeMs":12.3,"rafWaitMs":17,"renderSubmitMs":1,"clientMs":30.3,"endToEndMs":-256,"displayPerf":7933.7},{"frame":53,"frameId":39993,"bytes":33325,"captureMs":23,"transportAfterCaptureMs":-306,"queueMs":0,"decodeMs":9,"rafWaitMs":8,"renderSubmitMs":1.7,"clientMs":18.7,"endToEndMs":-265,"displayPerf":7950.7},{"frame":54,"frameId":39994,"bytes":33325,"captureMs":31,"transportAfterCaptureMs":-316,"queueMs":0,"decodeMs":6.6,"rafWaitMs":3.2,"renderSubmitMs":1.3,"clientMs":11.1,"endToEndMs":-274,"displayPerf":7966.5},{"frame":55,"frameId":39995,"by
08-16 04:38:54.055  8569  8854 I EVF_BENCH: 5/5 tes":33620,"captureMs":30,"transportAfterCaptureMs":-309,"queueMs":0,"decodeMs":6,"rafWaitMs":18.2,"renderSubmitMs":1.6,"clientMs":25.8,"endToEndMs":-253,"displayPerf":8019.2},{"frame":56,"frameId":39996,"bytes":33436,"captureMs":35,"transportAfterCaptureMs":-307,"queueMs":0.1,"decodeMs":13.2,"rafWaitMs":4.2,"renderSubmitMs":1,"clientMs":18.5,"endToEndMs":-253,"displayPerf":8049.9},{"frame":57,"frameId":39997,"bytes":32875,"captureMs":19,"transportAfterCaptureMs":-316,"queueMs":0.3,"decodeMs":6.1,"rafWaitMs":15.3,"renderSubmitMs":1.1,"clientMs":22.8,"endToEndMs":-274,"displayPerf":8067.2},{"frame":58,"frameId":39998,"bytes":32875,"captureMs":17,"transportAfterCaptureMs":-315,"queueMs":0,"decodeMs":11.8,"rafWaitMs":4.2,"renderSubmitMs":0.9,"clientMs":16.9,"endToEndMs":-281,"displayPerf":8082.3},{"frame":59,"frameId":39999,"bytes":32884,"captureMs":13,"transportAfterCaptureMs":-309,"queueMs":0,"decodeMs":14.7,"rafWaitMs":15.2,"renderSubmitMs":0.8,"clientMs":30.7,"endToEndMs":-265,"displayPerf":8116.9},{"frame":60,"frameId":40000,"bytes":32884,"captureMs":17,"transportAfterCaptureMs":-303,"queueMs":0,"decodeMs":5,"rafWaitMs":17.8,"renderSubmitMs":1.1,"clientMs":23.9,"endToEndMs":-262,"displayPerf":8134.1}]}
08-16 04:38:54.935  8569  8854 I EVF_PULSE: {"fps":31,"frameId":40025,"rendered":115,"overwritten":1,"decodedQueue":0,"pending":false,"fallback":false}
08-16 04:38:55.938  8569  8854 I EVF_PULSE: {"fps":30,"frameId":40055,"rendered":145,"overwritten":1,"decodedQueue":0,"pending":false,"fallback":false}
08-16 04:38:56.940  8569  8854 I EVF_PULSE: {"fps":29,"frameId":40085,"rendered":174,"overwritten":1,"decodedQueue":0,"pending":false,"fallback":false}
08-16 04:38:57.937  8569  8854 I EVF_PULSE: {"fps":22,"frameId":40107,"rendered":196,"overwritten":1,"decodedQueue":1,"pending":false,"fallback":false}
08-16 04:38:58.938  8569  8854 I EVF_PULSE: {"fps":23,"frameId":40130,"rendered":219,"overwritten":1,"decodedQueue":0,"pending":false,"fallback":false}
08-16 04:38:59.940  8569  8854 I EVF_PULSE: {"fps":28,"frameId":40157,"rendered":247,"overwritten":1,"decodedQueue":0,"pending":false,"fallback":false}
08-16 04:39:00.943  8569  8854 I EVF_PULSE: {"fps":30,"frameId":40188,"rendered":277,"overwritten":1,"decodedQueue":1,"pending":false,"fallback":false}
08-16 04:39:01.942  8569  8854 I EVF_PULSE: {"fps":28,"frameId":40217,"rendered":305,"overwritten":1,"decodedQueue":1,"pending":false,"fallback":false}
08-16 04:39:02.942  8569  8854 I EVF_PULSE: {"fps":53,"frameId":40269,"rendered":358,"overwritten":1,"decodedQueue":1,"pending":false,"fallback":false}
08-16 04:39:03.945  8569  8854 I EVF_PULSE: {"fps":36,"frameId":40306,"rendered":394,"overwritten":1,"decodedQueue":1,"pending":false,"fallback":false}
08-16 04:39:04.961  8569  8854 I EVF_PULSE: {"fps":57,"frameId":40364,"rendered":452,"overwritten":1,"decodedQueue":2,"pending":false,"fallback":false}
08-16 04:39:05.961  8569  8854 I EVF_PULSE: {"fps":53,"frameId":40416,"rendered":505,"overwritten":1,"decodedQueue":1,"pending":false,"fallback":false}
08-16 04:39:06.963  8569  8854 I EVF_PULSE: {"fps":53,"frameId":40470,"rendered":558,"overwritten":2,"decodedQueue":1,"pending":false,"fallback":false}
08-16 04:39:07.964  8569  8854 I EVF_PULSE: {"fps":47,"frameId":40517,"rendered":605,"overwritten":2,"decodedQueue":0,"pending":false,"fallback":false}
08-16 04:39:08.967  8569  8854 I EVF_PULSE: {"fps":56,"frameId":40574,"rendered":661,"overwritten":2,"decodedQueue":1,"pending":false,"fallback":false}
08-16 04:39:09.966  8569  8854 I EVF_PULSE: {"fps":41,"frameId":40614,"rendered":702,"overwritten":2,"decodedQueue":0,"pending":false,"fallback":false}
08-16 04:39:10.970  8569  8854 I EVF_PULSE: {"fps":52,"frameId":40667,"rendered":754,"overwritten":2,"decodedQueue":1,"pending":false,"fallback":false}
08-16 04:39:11.985  8569  8854 I EVF_PULSE: {"fps":42,"frameId":40710,"rendered":797,"overwritten":2,"decodedQueue":2,"pending":false,"fallback":false}
08-16 04:39:12.990  8569  8854 I EVF_PULSE: {"fps":50,"frameId":40761,"rendered":847,"overwritten":2,"decodedQueue":2,"pending":false,"fallback":false}
08-16 04:39:13.987  8569  8854 I EVF_PULSE: {"fps":56,"frameId":40818,"rendered":903,"overwritten":3,"decodedQueue":3,"pending":false,"fallback":false}
08-16 04:39:14.990  8569  8854 I EVF_PULSE: {"fps":60,"frameId":40880,"rendered":963,"overwritten":4,"decodedQueue":3,"pending":false,"fallback":false}
08-16 04:39:15.989  8569  8854 I EVF_PULSE: {"fps":61,"frameId":40945,"rendered":1023,"overwritten":11,"decodedQueue":1,"pending":false,"fallback":false}
08-16 04:39:16.989  8569  8854 I EVF_PULSE: {"fps":57,"frameId":41006,"rendered":1081,"overwritten":13,"decodedQueue":2,"pending":false,"fallback":false}
08-16 04:39:17.990  8569  8854 I EVF_PULSE: {"fps":57,"frameId":41067,"rendered":1138,"overwritten":17,"decodedQueue":3,"pending":false,"fallback":false}
08-16 04:39:18.993  8569  8854 I EVF_PULSE: {"fps":53,"frameId":41121,"rendered":1191,"overwritten":19,"decodedQueue":1,"pending":false,"fallback":false}
08-16 04:39:19.995  8569  8854 I EVF_PULSE: {"fps":36,"frameId":41159,"rendered":1227,"overwritten":21,"decodedQueue":2,"pending":false,"fallback":false}
08-16 04:39:20.994  8569  8854 I EVF_PULSE: {"fps":50,"frameId":41209,"rendered":1277,"overwritten":21,"decodedQueue":1,"pending":false,"fallback":false}
08-16 04:39:21.997  8569  8854 I EVF_PULSE: {"fps":55,"frameId":41266,"rendered":1332,"overwritten":23,"decodedQueue":2,"pending":false,"fallback":false}
08-16 04:39:22.997  8569  8854 I EVF_PULSE: {"fps":58,"frameId":41326,"rendered":1390,"overwritten":26,"decodedQueue":1,"pending":false,"fallback":false}
08-16 04:39:24.001  8569  8854 I EVF_PULSE: {"fps":50,"frameId":41378,"rendered":1440,"overwritten":26,"decodedQueue":3,"pending":false,"fallback":false}
08-16 04:39:25.001  8569  8854 I EVF_PULSE: {"fps":57,"frameId":41436,"rendered":1497,"overwritten":28,"decodedQueue":1,"pending":false,"fallback":false}
08-16 04:39:26.003  8569  8854 I EVF_PULSE: {"fps":54,"frameId":41490,"rendered":1551,"overwritten":28,"decodedQueue":1,"pending":false,"fallback":false}
08-16 04:39:27.005  8569  8854 I EVF_PULSE: {"fps":52,"frameId":41543,"rendered":1603,"overwritten":29,"decodedQueue":1,"pending":false,"fallback":false}
08-16 04:39:28.007  8569  8854 I EVF_PULSE: {"fps":56,"frameId":41605,"rendered":1659,"overwritten":34,"decodedQueue":2,"pending":false,"fallback":false}
08-16 04:39:29.022  8569  8854 I EVF_PULSE: {"fps":60,"frameId":41669,"rendered":1720,"overwritten":37,"decodedQueue":2,"pending":false,"fallback":false}
08-16 04:39:30.022  8569  8854 I EVF_PULSE: {"fps":53,"frameId":41726,"rendered":1773,"overwritten":42,"decodedQueue":1,"pending":false,"fallback":false}
08-16 04:39:31.023  8569  8854 I EVF_PULSE: {"fps":58,"frameId":41786,"rendered":1830,"overwritten":44,"decodedQueue":2,"pending":false,"fallback":false}
08-16 04:39:32.025  8569  8854 I EVF_PULSE: {"fps":59,"frameId":41849,"rendered":1890,"overwritten":48,"decodedQueue":2,"pending":false,"fallback":false}
08-16 04:39:33.025  8569  8854 I EVF_PULSE: {"fps":59,"frameId":41908,"rendered":1949,"overwritten":48,"decodedQueue":2,"pending":false,"fallback":false}
08-16 04:39:34.027  8569  8854 I EVF_PULSE: {"fps":54,"frameId":41966,"rendered":2003,"overwritten":51,"decodedQueue":2,"pending":false,"fallback":false}
08-16 04:39:35.028  8569  8854 I EVF_PULSE: {"fps":49,"frameId":42016,"rendered":2052,"overwritten":53,"decodedQueue":1,"pending":false,"fallback":false}
08-16 04:39:36.033  8569  8854 I EVF_PULSE: {"fps":60,"frameId":42083,"rendered":2112,"overwritten":58,"decodedQueue":3,"pending":false,"fallback":false}
08-16 04:39:37.033  8569  8854 I EVF_PULSE: {"fps":57,"frameId":42139,"rendered":2168,"overwritten":60,"decodedQueue":1,"pending":false,"fallback":false}
08-16 04:39:38.031  8569  8854 I EVF_PULSE: {"fps":59,"frameId":42205,"rendered":2227,"overwritten":67,"decodedQueue":0,"pending":false,"fallback":false}
08-16 04:39:39.030  8569  8854 I EVF_PULSE: {"fps":55,"frameId":42262,"rendered":2283,"overwritten":67,"decodedQueue":2,"pending":false,"fallback":false}
08-16 04:39:40.031  8569  8854 I EVF_PULSE: {"fps":47,"frameId":42312,"rendered":2330,"overwritten":70,"decodedQueue":3,"pending":false,"fallback":false}
08-16 04:39:41.033  8569  8854 I EVF_PULSE: {"fps":60,"frameId":42374,"rendered":2390,"overwritten":72,"decodedQueue":3,"pending":false,"fallback":false}
08-16 04:39:42.035  8569  8854 I EVF_PULSE: {"fps":57,"frameId":42435,"rendered":2447,"overwritten":76,"decodedQueue":2,"pending":false,"fallback":false}
08-16 04:39:43.038  8569  8854 I EVF_PULSE: {"fps":60,"frameId":42502,"rendered":2507,"overwritten":85,"decodedQueue":0,"pending":false,"fallback":false}
08-16 04:39:44.035  8569  8854 I EVF_PULSE: {"fps":54,"frameId":42558,"rendered":2561,"overwritten":86,"decodedQueue":2,"pending":false,"fallback":false}
08-16 04:39:45.037  8569  8854 I EVF_PULSE: {"fps":51,"frameId":42610,"rendered":2612,"overwritten":87,"decodedQueue":2,"pending":false,"fallback":false}
08-16 04:39:46.040  8569  8854 I EVF_PULSE: {"fps":59,"frameId":42672,"rendered":2671,"overwritten":89,"decodedQueue":2,"pending":false,"fallback":false}
08-16 04:39:47.041  8569  8854 I EVF_PULSE: {"fps":59,"frameId":42734,"rendered":2730,"overwritten":93,"decodedQueue":1,"pending":false,"fallback":false}
08-16 04:39:48.041  8569  8854 I EVF_PULSE: {"fps":51,"frameId":42791,"rendered":2781,"overwritten":97,"decodedQueue":3,"pending":false,"fallback":false}
08-16 04:39:49.043  8569  8854 I EVF_PULSE: {"fps":60,"frameId":42853,"rendered":2840,"overwritten":101,"decodedQueue":1,"pending":false,"fallback":false}
08-16 04:39:50.042  8569  8854 I EVF_PULSE: {"fps":53,"frameId":42911,"rendered":2894,"overwritten":107,"decodedQueue":1,"pending":false,"fallback":false}
08-16 04:39:51.044  8569  8854 I EVF_PULSE: {"fps":47,"frameId":42960,"rendered":2941,"overwritten":107,"decodedQueue":2,"pending":false,"fallback":false}
08-16 04:39:52.044  8569  8854 I EVF_PULSE: {"fps":58,"frameId":43023,"rendered":2999,"overwritten":114,"decodedQueue":1,"pending":false,"fallback":false}
08-16 04:39:53.045  8569  8854 I EVF_PULSE: {"fps":59,"frameId":43091,"rendered":3058,"overwritten":121,"decodedQueue":2,"pending":false,"fallback":false}
08-16 04:39:54.046  8569  8854 I EVF_PULSE: {"fps":53,"frameId":43146,"rendered":3111,"overwritten":123,"decodedQueue":3,"pending":false,"fallback":false}
08-16 04:39:55.049  8569  8854 I EVF_PULSE: {"fps":58,"frameId":43212,"rendered":3170,"overwritten":131,"decodedQueue":1,"pending":false,"fallback":false}
08-16 04:39:56.066  8569  8854 I EVF_PULSE: {"fps":57,"frameId":43273,"rendered":3229,"overwritten":133,"decodedQueue":1,"pending":false,"fallback":false}
08-16 04:39:57.067  8569  8854 I EVF_PULSE: {"fps":57,"frameId":43329,"rendered":3285,"overwritten":133,"decodedQueue":0,"pending":false,"fallback":false}
08-16 04:39:58.068  8569  8854 I EVF_PULSE: {"fps":52,"frameId":43384,"rendered":3337,"overwritten":135,"decodedQueue":2,"pending":false,"fallback":false}
08-16 04:39:59.068  8569  8854 I EVF_PULSE: {"fps":59,"frameId":43449,"rendered":3397,"overwritten":141,"decodedQueue":2,"pending":false,"fallback":false}
08-16 04:40:00.069  8569  8854 I EVF_PULSE: {"fps":47,"frameId":43505,"rendered":3444,"overwritten":149,"decodedQueue":3,"pending":false,"fallback":false}
08-16 04:40:01.071  8569  8854 I EVF_PULSE: {"fps":49,"frameId":43552,"rendered":3493,"overwritten":149,"decodedQueue":1,"pending":false,"fallback":false}
08-16 04:40:02.071  8569  8854 I EVF_PULSE: {"fps":58,"frameId":43620,"rendered":3551,"overwritten":158,"decodedQueue":2,"pending":false,"fallback":false}
08-16 04:40:03.072  8569  8854 I EVF_PULSE: {"fps":55,"frameId":43676,"rendered":3606,"overwritten":158,"decodedQueue":2,"pending":false,"fallback":false}
08-16 04:40:04.073  8569  8854 I EVF_PULSE: {"fps":54,"frameId":43731,"rendered":3660,"overwritten":162,"decodedQueue":0,"pending":false,"fallback":false}
08-16 04:40:05.074  8569  8854 I EVF_PULSE: {"fps":47,"frameId":43786,"rendered":3707,"overwritten":167,"decodedQueue":3,"pending":false,"fallback":false}
08-16 04:40:06.075  8569  8854 I EVF_PULSE: {"fps":58,"frameId":43846,"rendered":3765,"overwritten":169,"decodedQueue":2,"pending":false,"fallback":false}
08-16 04:40:07.075  8569  8854 I EVF_PULSE: {"fps":60,"frameId":43911,"rendered":3825,"overwritten":175,"decodedQueue":1,"pending":false,"fallback":false}
08-16 04:40:08.079  8569  8854 I EVF_PULSE: {"fps":49,"frameId":43971,"rendered":3874,"overwritten":185,"decodedQueue":2,"pending":false,"fallback":false}
08-16 04:40:09.080  8569  8854 I EVF_PULSE: {"fps":54,"frameId":44024,"rendered":3928,"overwritten":185,"decodedQueue":2,"pending":false,"fallback":false}
08-16 04:40:10.083  8569  8854 I EVF_PULSE: {"fps":55,"frameId":44083,"rendered":3983,"overwritten":190,"decodedQueue":0,"pending":false,"fallback":false}
08-16 04:40:11.083  8569  8854 I EVF_PULSE: {"fps":53,"frameId":44136,"rendered":4036,"overwritten":190,"decodedQueue":1,"pending":false,"fallback":false}
08-16 04:40:12.082  8569  8854 I EVF_PULSE: {"fps":56,"frameId":44197,"rendered":4092,"overwritten":194,"decodedQueue":1,"pending":false,"fallback":false}
08-16 04:40:13.086  8569  8854 I EVF_PULSE: {"fps":59,"frameId":44267,"rendered":4152,"overwritten":203,"decodedQueue":3,"pending":false,"fallback":false}
08-16 04:40:14.101  8569  8854 I EVF_PULSE: {"fps":53,"frameId":44320,"rendered":4206,"overwritten":204,"decodedQueue":1,"pending":false,"fallback":false}
08-16 04:40:15.102  8569  8854 I EVF_PULSE: {"fps":55,"frameId":44377,"rendered":4261,"overwritten":204,"decodedQueue":2,"pending":false,"fallback":false}
08-16 04:40:16.103  8569  8854 I EVF_PULSE: {"fps":60,"frameId":44440,"rendered":4321,"overwritten":208,"decodedQueue":2,"pending":false,"fallback":false}
08-16 04:40:17.104  8569  8854 I EVF_PULSE: {"fps":60,"frameId":44503,"rendered":4381,"overwritten":212,"decodedQueue":1,"pending":false,"fallback":false}
08-16 04:40:18.105  8569  8854 I EVF_PULSE: {"fps":53,"frameId":44562,"rendered":4434,"overwritten":216,"decodedQueue":2,"pending":false,"fallback":false}
08-16 04:40:19.107  8569  8854 I EVF_PULSE: {"fps":60,"frameId":44625,"rendered":4494,"overwritten":220,"decodedQueue":1,"pending":false,"fallback":false}
08-16 04:40:20.111  8569  8854 I EVF_PULSE: {"fps":49,"frameId":44677,"rendered":4543,"overwritten":225,"decodedQueue":0,"pending":false,"fallback":false}
